
wwwth@DESKTOP-95TV71M MINGW64 ~/Desktop/wow
$ git clone https://github.com/Revature-Training-1302/exercises.git
Cloning into 'exercises'...
remote: Enumerating objects: 46, done.
remote: Counting objects: 100% (46/46), done.
remote: Compressing objects: 100% (33/33), done.
remote: Total 46 (delta 6), reused 42 (delta 5), pack-reused 0
Receiving objects: 100% (46/46), 5.05 KiB | 5.05 MiB/s, done.
Resolving deltas: 100% (6/6), done.

wwwth@DESKTOP-95TV71M MINGW64 ~/Desktop/wow
$ ls
exercises/

wwwth@DESKTOP-95TV71M MINGW64 ~/Desktop/wow
$ cd exercises

wwwth@DESKTOP-95TV71M MINGW64 ~/Desktop/wow/exercises (main)
$ ls
dummy_file  week1/

wwwth@DESKTOP-95TV71M MINGW64 ~/Desktop/wow/exercises (main)
$ cd week1

wwwth@DESKTOP-95TV71M MINGW64 ~/Desktop/wow/exercises/week1 (main)
$ ls
8.2.md  git-exercise.md  unix_exercise/

wwwth@DESKTOP-95TV71M MINGW64 ~/Desktop/wow/exercises/week1 (main)
$ cd unix_exercise

wwwth@DESKTOP-95TV71M MINGW64 ~/Desktop/wow/exercises/week1/unix_exercise (main)
$ ls
chest/  house/  instructions.txt

wwwth@DESKTOP-95TV71M MINGW64 ~/Desktop/wow/exercises/week1/unix_exercise (main)
$ cd house

wwwth@DESKTOP-95TV71M MINGW64 ~/Desktop/wow/exercises/week1/unix_exercise/house (main)
$ ls
basement/  floor0/  floor1/  floor2/

wwwth@DESKTOP-95TV71M MINGW64 ~/Desktop/wow/exercises/week1/unix_exercise/house (main)
$ cd basement

wwwth@DESKTOP-95TV71M MINGW64 ~/Desktop/wow/exercises/week1/unix_exercise/house/basement (main)
$ ls
laundry-room/  storage/

wwwth@DESKTOP-95TV71M MINGW64 ~/Desktop/wow/exercises/week1/unix_exercise/house/basement (main)
$ cd laundry-room

wwwth@DESKTOP-95TV71M MINGW64 ~/Desktop/wow/exercises/week1/unix_exercise/house/basement/laundry-room (main)
$ ls
clothes  dryer  drying-rack  soap  trash1  trash2  treasure1  washer

wwwth@DESKTOP-95TV71M MINGW64 ~/Desktop/wow/exercises/week1/unix_exercise/house/basement/laundry-room (main)
$ mv treasure1 --/chest
mv: unknown option -- /chest
Try 'mv --help' for more information.

wwwth@DESKTOP-95TV71M MINGW64 ~/Desktop/wow/exercises/week1/unix_exercise/house/basement/laundry-room (main)
$ ls
clothes  dryer  drying-rack  soap  trash1  trash2  treasure1  washer

wwwth@DESKTOP-95TV71M MINGW64 ~/Desktop/wow/exercises/week1/unix_exercise/house/basement/laundry-room (main)
$ mv treasure1 --/--/chest
mv: unknown option -- /--/chest
Try 'mv --help' for more information.

wwwth@DESKTOP-95TV71M MINGW64 ~/Desktop/wow/exercises/week1/unix_exercise/house/basement/laundry-room (main)
$ mv treasure1 --/--/--/chest
mv: unknown option -- /--/--/chest
Try 'mv --help' for more information.

wwwth@DESKTOP-95TV71M MINGW64 ~/Desktop/wow/exercises/week1/unix_exercise/house/basement/laundry-room (main)
$ mv treasure1 ../../../chest

wwwth@DESKTOP-95TV71M MINGW64 ~/Desktop/wow/exercises/week1/unix_exercise/house/basement/laundry-room (main)
$ rm trash1 trash2

wwwth@DESKTOP-95TV71M MINGW64 ~/Desktop/wow/exercises/week1/unix_exercise/house/basement/laundry-room (main)
$ ls
clothes  dryer  drying-rack  soap  washer

wwwth@DESKTOP-95TV71M MINGW64 ~/Desktop/wow/exercises/week1/unix_exercise/house/basement/laundry-room (main)
$ cd storage
bash: cd: storage: No such file or directory

wwwth@DESKTOP-95TV71M MINGW64 ~/Desktop/wow/exercises/week1/unix_exercise/house/basement/laundry-room (main)
$ cd ..

wwwth@DESKTOP-95TV71M MINGW64 ~/Desktop/wow/exercises/week1/unix_exercise/house/basement (main)
$ ls
laundry-room/  storage/

wwwth@DESKTOP-95TV71M MINGW64 ~/Desktop/wow/exercises/week1/unix_exercise/house/basement (main)
$ cd storage

wwwth@DESKTOP-95TV71M MINGW64 ~/Desktop/wow/exercises/week1/unix_exercise/house/basement/storage (main)
$ ls
bicycle  trash3  treasure2

wwwth@DESKTOP-95TV71M MINGW64 ~/Desktop/wow/exercises/week1/unix_exercise/house/basement/storage (main)
$ rm trash3

wwwth@DESKTOP-95TV71M MINGW64 ~/Desktop/wow/exercises/week1/unix_exercise/house/basement/storage (main)
$ mv treasure2 ../../../chest

wwwth@DESKTOP-95TV71M MINGW64 ~/Desktop/wow/exercises/week1/unix_exercise/house/basement/storage (main)
$ ls
bicycle

wwwth@DESKTOP-95TV71M MINGW64 ~/Desktop/wow/exercises/week1/unix_exercise/house/basement/storage (main)
$ cd ..

wwwth@DESKTOP-95TV71M MINGW64 ~/Desktop/wow/exercises/week1/unix_exercise/house/basement (main)
$ ls
laundry-room/  storage/

wwwth@DESKTOP-95TV71M MINGW64 ~/Desktop/wow/exercises/week1/unix_exercise/house/basement (main)
$ cd ..

wwwth@DESKTOP-95TV71M MINGW64 ~/Desktop/wow/exercises/week1/unix_exercise/house (main)
$ ls
basement/  floor0/  floor1/  floor2/

wwwth@DESKTOP-95TV71M MINGW64 ~/Desktop/wow/exercises/week1/unix_exercise/house (main)
$ cd basement

wwwth@DESKTOP-95TV71M MINGW64 ~/Desktop/wow/exercises/week1/unix_exercise/house/basement (main)
$ ls
laundry-room/  storage/

wwwth@DESKTOP-95TV71M MINGW64 ~/Desktop/wow/exercises/week1/unix_exercise/house/basement (main)
$ cd ....
bash: cd: ....: No such file or directory

wwwth@DESKTOP-95TV71M MINGW64 ~/Desktop/wow/exercises/week1/unix_exercise/house/basement (main)
$ cd ../chest
bash: cd: ../chest: No such file or directory

wwwth@DESKTOP-95TV71M MINGW64 ~/Desktop/wow/exercises/week1/unix_exercise/house/basement (main)
$ ls
laundry-room/  storage/

wwwth@DESKTOP-95TV71M MINGW64 ~/Desktop/wow/exercises/week1/unix_exercise/house/basement (main)
$ cd ../basement

wwwth@DESKTOP-95TV71M MINGW64 ~/Desktop/wow/exercises/week1/unix_exercise/house/basement (main)
$ cd ../exercises
bash: cd: ../exercises: No such file or directory

wwwth@DESKTOP-95TV71M MINGW64 ~/Desktop/wow/exercises/week1/unix_exercise/house/basement (main)
$ ls
laundry-room/  storage/

wwwth@DESKTOP-95TV71M MINGW64 ~/Desktop/wow/exercises/week1/unix_exercise/house/basement (main)
$ cd ..

wwwth@DESKTOP-95TV71M MINGW64 ~/Desktop/wow/exercises/week1/unix_exercise/house (main)
$ ls
basement/  floor0/  floor1/  floor2/

wwwth@DESKTOP-95TV71M MINGW64 ~/Desktop/wow/exercises/week1/unix_exercise/house (main)
$ cd floor0

wwwth@DESKTOP-95TV71M MINGW64 ~/Desktop/wow/exercises/week1/unix_exercise/house/floor0 (main)
$ ls
bathroom/  kitchen/  living-room/

wwwth@DESKTOP-95TV71M MINGW64 ~/Desktop/wow/exercises/week1/unix_exercise/house/floor0 (main)
$ cd bathroom

wwwth@DESKTOP-95TV71M MINGW64 ~/Desktop/wow/exercises/week1/unix_exercise/house/floor0/bathroom (main)
$ ls
cabinet/  mat  mirror

wwwth@DESKTOP-95TV71M MINGW64 ~/Desktop/wow/exercises/week1/unix_exercise/house/floor0/bathroom (main)
$ cd cabinet

wwwth@DESKTOP-95TV71M MINGW64 ~/Desktop/wow/exercises/week1/unix_exercise/house/floor0/bathroom/cabinet (main)
$ ls
3  brush  comb  shampoo  soap  toothbrush  toothpaste  trasure

wwwth@DESKTOP-95TV71M MINGW64 ~/Desktop/wow/exercises/week1/unix_exercise/house/floor0/bathroom/cabinet (main)
$ cd ../kitchen
bash: cd: ../kitchen: No such file or directory

wwwth@DESKTOP-95TV71M MINGW64 ~/Desktop/wow/exercises/week1/unix_exercise/house/floor0/bathroom/cabinet (main)
$ cd ..

wwwth@DESKTOP-95TV71M MINGW64 ~/Desktop/wow/exercises/week1/unix_exercise/house/floor0/bathroom (main)
$ ls
cabinet/  mat  mirror

wwwth@DESKTOP-95TV71M MINGW64 ~/Desktop/wow/exercises/week1/unix_exercise/house/floor0/bathroom (main)
$ cd..
bash: cd..: command not found

wwwth@DESKTOP-95TV71M MINGW64 ~/Desktop/wow/exercises/week1/unix_exercise/house/floor0/bathroom (main)
$ cd ..

wwwth@DESKTOP-95TV71M MINGW64 ~/Desktop/wow/exercises/week1/unix_exercise/house/floor0 (main)
$ cd kitchen

wwwth@DESKTOP-95TV71M MINGW64 ~/Desktop/wow/exercises/week1/unix_exercise/house/floor0/kitchen (main)
$ ls
fridge/  oven/  pantry/

wwwth@DESKTOP-95TV71M MINGW64 ~/Desktop/wow/exercises/week1/unix_exercise/house/floor0/kitchen (main)
$ cd fridge

wwwth@DESKTOP-95TV71M MINGW64 ~/Desktop/wow/exercises/week1/unix_exercise/house/floor0/kitchen/fridge (main)
$ ls
bread  carrots  chicken  eggs  juice  milk  soda  trash4  trash5  trasure4

wwwth@DESKTOP-95TV71M MINGW64 ~/Desktop/wow/exercises/week1/unix_exercise/house/floor0/kitchen/fridge (main)
$ mv trasure4 ../../../chest

wwwth@DESKTOP-95TV71M MINGW64 ~/Desktop/wow/exercises/week1/unix_exercise/house/floor0/kitchen/fridge (main)
$ rm trash4 trash5

wwwth@DESKTOP-95TV71M MINGW64 ~/Desktop/wow/exercises/week1/unix_exercise/house/floor0/kitchen/fridge (main)
$ ls
bread  carrots  chicken  eggs  juice  milk  soda

wwwth@DESKTOP-95TV71M MINGW64 ~/Desktop/wow/exercises/week1/unix_exercise/house/floor0/kitchen/fridge (main)
$ cd ../oven

wwwth@DESKTOP-95TV71M MINGW64 ~/Desktop/wow/exercises/week1/unix_exercise/house/floor0/kitchen/oven (main)
$ ls
chicken-roast

wwwth@DESKTOP-95TV71M MINGW64 ~/Desktop/wow/exercises/week1/unix_exercise/house/floor0/kitchen/oven (main)
$ cd ../pantry

wwwth@DESKTOP-95TV71M MINGW64 ~/Desktop/wow/exercises/week1/unix_exercise/house/floor0/kitchen/pantry (main)
$ ls
cereal  chips  cookies  crackers  trash6

wwwth@DESKTOP-95TV71M MINGW64 ~/Desktop/wow/exercises/week1/unix_exercise/house/floor0/kitchen/pantry (main)
$ rm trash6

wwwth@DESKTOP-95TV71M MINGW64 ~/Desktop/wow/exercises/week1/unix_exercise/house/floor0/kitchen/pantry (main)
$ cd ..

wwwth@DESKTOP-95TV71M MINGW64 ~/Desktop/wow/exercises/week1/unix_exercise/house/floor0/kitchen (main)
$ cd..
bash: cd..: command not found

wwwth@DESKTOP-95TV71M MINGW64 ~/Desktop/wow/exercises/week1/unix_exercise/house/floor0/kitchen (main)
$ cd ..

wwwth@DESKTOP-95TV71M MINGW64 ~/Desktop/wow/exercises/week1/unix_exercise/house/floor0 (main)
$ ls
bathroom/  kitchen/  living-room/

wwwth@DESKTOP-95TV71M MINGW64 ~/Desktop/wow/exercises/week1/unix_exercise/house/floor0 (main)
$ cd living-room

wwwth@DESKTOP-95TV71M MINGW64 ~/Desktop/wow/exercises/week1/unix_exercise/house/floor0/living-room (main)
$ ls
TV  bookshelf/  chair  couch  table

wwwth@DESKTOP-95TV71M MINGW64 ~/Desktop/wow/exercises/week1/unix_exercise/house/floor0/living-room (main)
$ cd bookshelf

wwwth@DESKTOP-95TV71M MINGW64 ~/Desktop/wow/exercises/week1/unix_exercise/house/floor0/living-room/bookshelf (main)
$ ls
animal-farm  harry-potter  it  lord-of-the-rings  trash7  trasure5

wwwth@DESKTOP-95TV71M MINGW64 ~/Desktop/wow/exercises/week1/unix_exercise/house/floor0/living-room/bookshelf (main)
$ rm trash7

wwwth@DESKTOP-95TV71M MINGW64 ~/Desktop/wow/exercises/week1/unix_exercise/house/floor0/living-room/bookshelf (main)
$ mv trasure5 ../../../../chest

wwwth@DESKTOP-95TV71M MINGW64 ~/Desktop/wow/exercises/week1/unix_exercise/house/floor0/living-room/bookshelf (main)
$ cd ..

wwwth@DESKTOP-95TV71M MINGW64 ~/Desktop/wow/exercises/week1/unix_exercise/house/floor0/living-room (main)
$ ls
TV  bookshelf/  chair  couch  table

wwwth@DESKTOP-95TV71M MINGW64 ~/Desktop/wow/exercises/week1/unix_exercise/house/floor0/living-room (main)
$ cd ..

wwwth@DESKTOP-95TV71M MINGW64 ~/Desktop/wow/exercises/week1/unix_exercise/house/floor0 (main)
$ ls
bathroom/  kitchen/  living-room/

wwwth@DESKTOP-95TV71M MINGW64 ~/Desktop/wow/exercises/week1/unix_exercise/house/floor0 (main)
$ cd..
bash: cd..: command not found

wwwth@DESKTOP-95TV71M MINGW64 ~/Desktop/wow/exercises/week1/unix_exercise/house/floor0 (main)
$ cd ..

wwwth@DESKTOP-95TV71M MINGW64 ~/Desktop/wow/exercises/week1/unix_exercise/house (main)
$ ls
basement/  chest  floor0/  floor1/  floor2/

wwwth@DESKTOP-95TV71M MINGW64 ~/Desktop/wow/exercises/week1/unix_exercise/house (main)
$ mv chest trasure4

wwwth@DESKTOP-95TV71M MINGW64 ~/Desktop/wow/exercises/week1/unix_exercise/house (main)
$ ls
basement/  floor0/  floor1/  floor2/  trasure4

wwwth@DESKTOP-95TV71M MINGW64 ~/Desktop/wow/exercises/week1/unix_exercise/house (main)
$ mv trasure4 ../chest

wwwth@DESKTOP-95TV71M MINGW64 ~/Desktop/wow/exercises/week1/unix_exercise/house (main)
$ ls
basement/  floor0/  floor1/  floor2/

wwwth@DESKTOP-95TV71M MINGW64 ~/Desktop/wow/exercises/week1/unix_exercise/house (main)
$ cd floor1

wwwth@DESKTOP-95TV71M MINGW64 ~/Desktop/wow/exercises/week1/unix_exercise/house/floor1 (main)
$ ls
balcony/  bathroom/  bedroom1/  bedroom2/

wwwth@DESKTOP-95TV71M MINGW64 ~/Desktop/wow/exercises/week1/unix_exercise/house/floor1 (main)
$ cd balcony

wwwth@DESKTOP-95TV71M MINGW64 ~/Desktop/wow/exercises/week1/unix_exercise/house/floor1/balcony (main)
$ ls
chair  plant  trash10  trash11

wwwth@DESKTOP-95TV71M MINGW64 ~/Desktop/wow/exercises/week1/unix_exercise/house/floor1/balcony (main)
$ rm trash10 trash11

wwwth@DESKTOP-95TV71M MINGW64 ~/Desktop/wow/exercises/week1/unix_exercise/house/floor1/balcony (main)
$ ls
chair  plant

wwwth@DESKTOP-95TV71M MINGW64 ~/Desktop/wow/exercises/week1/unix_exercise/house/floor1/balcony (main)
$ cd ..

wwwth@DESKTOP-95TV71M MINGW64 ~/Desktop/wow/exercises/week1/unix_exercise/house/floor1 (main)
$ cd bathroom

wwwth@DESKTOP-95TV71M MINGW64 ~/Desktop/wow/exercises/week1/unix_exercise/house/floor1/bathroom (main)
$ ls
sink  toilet  tub

wwwth@DESKTOP-95TV71M MINGW64 ~/Desktop/wow/exercises/week1/unix_exercise/house/floor1/bathroom (main)
$ cd ../bedroom1

wwwth@DESKTOP-95TV71M MINGW64 ~/Desktop/wow/exercises/week1/unix_exercise/house/floor1/bedroom1 (main)
$ ls
TV  bed  closet/  dresser/  toy-chest/

wwwth@DESKTOP-95TV71M MINGW64 ~/Desktop/wow/exercises/week1/unix_exercise/house/floor1/bedroom1 (main)
$ cd closet

wwwth@DESKTOP-95TV71M MINGW64 ~/Desktop/wow/exercises/week1/unix_exercise/house/floor1/bedroom1/closet (main)
$ ls
board-game  toy  trash8  trash9

wwwth@DESKTOP-95TV71M MINGW64 ~/Desktop/wow/exercises/week1/unix_exercise/house/floor1/bedroom1/closet (main)
$ rm trash8 trash9

wwwth@DESKTOP-95TV71M MINGW64 ~/Desktop/wow/exercises/week1/unix_exercise/house/floor1/bedroom1/closet (main)
$ ls
board-game  toy

wwwth@DESKTOP-95TV71M MINGW64 ~/Desktop/wow/exercises/week1/unix_exercise/house/floor1/bedroom1/closet (main)
$ cd ../dresser

wwwth@DESKTOP-95TV71M MINGW64 ~/Desktop/wow/exercises/week1/unix_exercise/house/floor1/bedroom1/dresser (main)
$ ls
pants  shirt  socks

wwwth@DESKTOP-95TV71M MINGW64 ~/Desktop/wow/exercises/week1/unix_exercise/house/floor1/bedroom1/dresser (main)
$ cd ../toy-chest

wwwth@DESKTOP-95TV71M MINGW64 ~/Desktop/wow/exercises/week1/unix_exercise/house/floor1/bedroom1/toy-chest (main)
$ ls
car  cow  dinosaur  space-ship  trasure6  truck

wwwth@DESKTOP-95TV71M MINGW64 ~/Desktop/wow/exercises/week1/unix_exercise/house/floor1/bedroom1/toy-chest (main)
$ mv trasure6 ../../../../chest

wwwth@DESKTOP-95TV71M MINGW64 ~/Desktop/wow/exercises/week1/unix_exercise/house/floor1/bedroom1/toy-chest (main)
$ ls
car  cow  dinosaur  space-ship  truck

wwwth@DESKTOP-95TV71M MINGW64 ~/Desktop/wow/exercises/week1/unix_exercise/house/floor1/bedroom1/toy-chest (main)
$ cd ..

wwwth@DESKTOP-95TV71M MINGW64 ~/Desktop/wow/exercises/week1/unix_exercise/house/floor1/bedroom1 (main)
$ cd ..

wwwth@DESKTOP-95TV71M MINGW64 ~/Desktop/wow/exercises/week1/unix_exercise/house/floor1 (main)
$ ls
balcony/  bathroom/  bedroom1/  bedroom2/

wwwth@DESKTOP-95TV71M MINGW64 ~/Desktop/wow/exercises/week1/unix_exercise/house/floor1 (main)
$ cd bedroom2

wwwth@DESKTOP-95TV71M MINGW64 ~/Desktop/wow/exercises/week1/unix_exercise/house/floor1/bedroom2 (main)
$ ls
bed  closet/  desk  mirror

wwwth@DESKTOP-95TV71M MINGW64 ~/Desktop/wow/exercises/week1/unix_exercise/house/floor1/bedroom2 (main)
$ cd closet

wwwth@DESKTOP-95TV71M MINGW64 ~/Desktop/wow/exercises/week1/unix_exercise/house/floor1/bedroom2/closet (main)
$ ls
suit  tie  treasure7

wwwth@DESKTOP-95TV71M MINGW64 ~/Desktop/wow/exercises/week1/unix_exercise/house/floor1/bedroom2/closet (main)
$ mv trasure7 ../../../../chest
mv: cannot stat 'trasure7': No such file or directory

wwwth@DESKTOP-95TV71M MINGW64 ~/Desktop/wow/exercises/week1/unix_exercise/house/floor1/bedroom2/closet (main)
$ mv treasure7 ../../../../chest

wwwth@DESKTOP-95TV71M MINGW64 ~/Desktop/wow/exercises/week1/unix_exercise/house/floor1/bedroom2/closet (main)
$ cd .. ..
bash: cd: too many arguments

wwwth@DESKTOP-95TV71M MINGW64 ~/Desktop/wow/exercises/week1/unix_exercise/house/floor1/bedroom2/closet (main)
$ cd ..

wwwth@DESKTOP-95TV71M MINGW64 ~/Desktop/wow/exercises/week1/unix_exercise/house/floor1/bedroom2 (main)
$ cd ..

wwwth@DESKTOP-95TV71M MINGW64 ~/Desktop/wow/exercises/week1/unix_exercise/house/floor1 (main)
$ cd ..

wwwth@DESKTOP-95TV71M MINGW64 ~/Desktop/wow/exercises/week1/unix_exercise/house (main)
$ ls
basement/  floor0/  floor1/  floor2/

wwwth@DESKTOP-95TV71M MINGW64 ~/Desktop/wow/exercises/week1/unix_exercise/house (main)
$ cd floor2

wwwth@DESKTOP-95TV71M MINGW64 ~/Desktop/wow/exercises/week1/unix_exercise/house/floor2 (main)
$ ls
storage/

wwwth@DESKTOP-95TV71M MINGW64 ~/Desktop/wow/exercises/week1/unix_exercise/house/floor2 (main)
$ cd storage

wwwth@DESKTOP-95TV71M MINGW64 ~/Desktop/wow/exercises/week1/unix_exercise/house/floor2/storage (main)
$ ls
box1/  box2/  box3/

wwwth@DESKTOP-95TV71M MINGW64 ~/Desktop/wow/exercises/week1/unix_exercise/house/floor2/storage (main)
$ cd box1

wwwth@DESKTOP-95TV71M MINGW64 ~/Desktop/wow/exercises/week1/unix_exercise/house/floor2/storage/box1 (main)
$ ls
trash12  trash13  trash14

wwwth@DESKTOP-95TV71M MINGW64 ~/Desktop/wow/exercises/week1/unix_exercise/house/floor2/storage/box1 (main)
$ rm trash13 trash14 trash12

wwwth@DESKTOP-95TV71M MINGW64 ~/Desktop/wow/exercises/week1/unix_exercise/house/floor2/storage/box1 (main)
$ ls

wwwth@DESKTOP-95TV71M MINGW64 ~/Desktop/wow/exercises/week1/unix_exercise/house/floor2/storage/box1 (main)
$ cd ../box2

wwwth@DESKTOP-95TV71M MINGW64 ~/Desktop/wow/exercises/week1/unix_exercise/house/floor2/storage/box2 (main)
$ ls
halloween-decoration  holiday-decoration  ice-skates  sweaters  treasure8

wwwth@DESKTOP-95TV71M MINGW64 ~/Desktop/wow/exercises/week1/unix_exercise/house/floor2/storage/box2 (main)
$ mv treasure8 ../../../../chest

wwwth@DESKTOP-95TV71M MINGW64 ~/Desktop/wow/exercises/week1/unix_exercise/house/floor2/storage/box2 (main)
$ cd ../box3

wwwth@DESKTOP-95TV71M MINGW64 ~/Desktop/wow/exercises/week1/unix_exercise/house/floor2/storage/box3 (main)
$ ls
posters  trash15  treasure9

wwwth@DESKTOP-95TV71M MINGW64 ~/Desktop/wow/exercises/week1/unix_exercise/house/floor2/storage/box3 (main)
$ mv treasure9 ../../../../chest

wwwth@DESKTOP-95TV71M MINGW64 ~/Desktop/wow/exercises/week1/unix_exercise/house/floor2/storage/box3 (main)
$ cd ../../../

wwwth@DESKTOP-95TV71M MINGW64 ~/Desktop/wow/exercises/week1/unix_exercise/house (main)
$ ls
basement/  floor0/  floor1/  floor2/

wwwth@DESKTOP-95TV71M MINGW64 ~/Desktop/wow/exercises/week1/unix_exercise/house (main)
$ cd floor0

wwwth@DESKTOP-95TV71M MINGW64 ~/Desktop/wow/exercises/week1/unix_exercise/house/floor0 (main)
$ ls
bathroom/  kitchen/  living-room/

wwwth@DESKTOP-95TV71M MINGW64 ~/Desktop/wow/exercises/week1/unix_exercise/house/floor0 (main)
$ cd bathroom

wwwth@DESKTOP-95TV71M MINGW64 ~/Desktop/wow/exercises/week1/unix_exercise/house/floor0/bathroom (main)
$ ls
cabinet/  mat  mirror

wwwth@DESKTOP-95TV71M MINGW64 ~/Desktop/wow/exercises/week1/unix_exercise/house/floor0/bathroom (main)
$ cd cabinet

wwwth@DESKTOP-95TV71M MINGW64 ~/Desktop/wow/exercises/week1/unix_exercise/house/floor0/bathroom/cabinet (main)
$ ls
3  brush  comb  shampoo  soap  toothbrush  toothpaste  trasure

wwwth@DESKTOP-95TV71M MINGW64 ~/Desktop/wow/exercises/week1/unix_exercise/house/floor0/bathroom/cabinet (main)
$ mv trasure trasure3

wwwth@DESKTOP-95TV71M MINGW64 ~/Desktop/wow/exercises/week1/unix_exercise/house/floor0/bathroom/cabinet (main)
$ ls
3  brush  comb  shampoo  soap  toothbrush  toothpaste  trasure3

wwwth@DESKTOP-95TV71M MINGW64 ~/Desktop/wow/exercises/week1/unix_exercise/house/floor0/bathroom/cabinet (main)
$ mv trasure3 ../../../../chest

wwwth@DESKTOP-95TV71M MINGW64 ~/Desktop/wow/exercises/week1/unix_exercise/house/floor0/bathroom/cabinet (main)
$ find . -name trash*

wwwth@DESKTOP-95TV71M MINGW64 ~/Desktop/wow/exercises/week1/unix_exercise/house/floor0/bathroom/cabinet (main)
$ ls
3  brush  comb  shampoo  soap  toothbrush  toothpaste

wwwth@DESKTOP-95TV71M MINGW64 ~/Desktop/wow/exercises/week1/unix_exercise/house/floor0/bathroom/cabinet (main)
$ find . -name soap*
./soap

wwwth@DESKTOP-95TV71M MINGW64 ~/Desktop/wow/exercises/week1/unix_exercise/house/floor0/bathroom/cabinet (main)
$ find . -name treasure*

wwwth@DESKTOP-95TV71M MINGW64 ~/Desktop/wow/exercises/week1/unix_exercise/house/floor0/bathroom/cabinet (main)

